// Jest Snapshot v1, https://goo.gl/fbAQLP

exports[`snapshot app 1`] = `
<div>
  <p />
</div>
`;
