// Jest Snapshot v1, https://goo.gl/fbAQLP

exports[`snapshot app 1`] = `
<div>
  <h2
    className="text-center"
  >
    User List
  </h2>
  <table
    className="text-center table table-striped"
  >
    <tbody />
  </table>
</div>
`;
